// Jest Snapshot v1, https://goo.gl/fbAQLP

exports[`AlbumThumbnailView renders correctly 1`] = `
<article
  className="sc-AxjAm duEsRS"
>
  <a
    href="/album/4otkd9As6YaxxEkIjXPiZ6"
    onClick={[Function]}
  >
    <img
      alt="Music To Be Murdered By"
      className="sc-AxirZ cTKAUo"
      src="https://i.scdn.co/image/ab67616d0000b2732f44aec83b20e40f3baef73c"
    />
    <h2
      className="sc-AxiKw dfKjlj"
    >
      Music To Be Murdered By
    </h2>
    <h3
      className="sc-AxhCb dxgIcC"
    >
      Eminem
    </h3>
  </a>
</article>
`;
